// Jest Snapshot v1, https://goo.gl/fbAQLP

exports[`List should match the snapshot when rendered for the first time with same tasks 1`] = `
<DocumentFragment>
  <div
    class="todo-container"
  >
    <div>
      <h1>
        test1
      </h1>
      <button
        data-testid="0"
      >
         Delete 
      </button>
    </div>
    <div>
      <h1>
        test2
      </h1>
      <button
        data-testid="1"
      >
         Delete 
      </button>
    </div>
  </div>
</DocumentFragment>
`;
