// Jest Snapshot v1, https://goo.gl/fbAQLP

exports[`TodoAppPage should match the snapshot when rendered for the first time 1`] = `
<DocumentFragment>
  <div
    class="todo-container"
  >
    <h1>
       To Do APP
    </h1>
    <div
      class="search-bar"
    >
      <input
        placeholder="Enter the task name"
      />
      <button>
        Add
      </button>
    </div>
    <div
      class="todo-container"
    />
  </div>
</DocumentFragment>
`;
